// Jest Snapshot v1, https://goo.gl/fbAQLP

exports[`Home should to match snapshot 1`] = `
<DocumentFragment>
  <div
    class="pt-10 font-opensans dark:bg-darkBlue dark:text-white"
  >
    <header
      class="container h-40 px-6 mx-auto text-center md:h-20"
    >
      <div
        class="w-48 h-20 mx-auto bg-no-repeat top-10 left-10 bg-logo-light-mode dark:bg-logo-dark-mode md:absolute md:mx-0"
      />
      <div
        class="flex items-center justify-center space-x-4 top-12 right-10 md:absolute md:space-x-10"
      >
        <a
          class="capitalize hover:text-accentCyan"
          href="#features"
        >
          features
        </a>
        <a
          class="capitalize hover:text-accentCyan"
          href="#testimonials"
        >
          testimonials
        </a>
        <div
          aria-label="Toggle dark mode"
          class="px-3 py-2 transition rounded-full shadow-lg group bg-white/90 shadow-zinc-800/5 backdrop-blur hover:bg-gray-400 dark:bg-slate-800 dark:ring-1 dark:ring-white"
        >
          <svg
            aria-hidden="true"
            class="w-5 h-5 text-slate-700 "
            fill="currentColor"
            role="button"
            viewBox="0 0 20 20"
            xmlns="http://www.w3.org/2000/svg"
          >
            <path
              clip-rule="evenodd"
              d="M7.455 2.004a.75.75 0 01.26.77 7 7 0 009.958 7.967.75.75 0 011.067.853A8.5 8.5 0 116.647 1.921a.75.75 0 01.808.083z"
              fill-rule="evenodd"
            />
          </svg>
        </div>
      </div>
    </header>
    <section
      class="bg-bottom bg-no-repeat bg-contain bg-curvy-light-mode dark:bg-curvy-dark-mode"
      id="hero"
    >
      <div
        class="container px-6 mx-auto text-center pb-52 md:pt-20"
      >
        <img
          alt=""
          class="mx-auto"
          data-nimg="1"
          decoding="async"
          height="0"
          loading="lazy"
          src="/_next/image?url=%2Fimages%2Fillustration-intro.png&w=16&q=75"
          srcset="/_next/image?url=%2Fimages%2Fillustration-intro.png&w=16&q=75 1x"
          style="color: transparent;"
          width="0"
        />
        <h1
          class="max-w-2xl mx-auto mb-10 text-3xl font-bold leading-normal mt-14 md:text-4xl"
        >
          All your files in one secure location, assessible anywhere.
        </h1>
        <p
          class="max-w-sm mx-auto mb-10 text-sm md:max-w-xl md:text-lg"
        >
          Fylo stores all your most important files in one secure location. Access them wherever you need, share and collaborate with friends family, and co-workers.
        </p>
        <button
          class="p-3 rounded-full w-52 bg-accentCyan hover:scale-95"
        >
          Get Started
        </button>
      </div>
    </section>
    <section
      class="pt-12 bg-gray-50 dark:bg-darkBlue1"
      id="features"
    >
      <div
        class="container px-6 pb-32 mx-auto"
      >
        <div
          class="grid grid-cols-1 gap-24 text-center md:grid-cols-2 md:gap-0"
        >
          <div
            class="flex flex-col items-center space-y-2"
          >
            <div
              class="flex items-center justify-center h-24 mb-6"
            >
              <img
                alt="Access your file from anywhere"
                class="w-auto"
                data-nimg="1"
                decoding="async"
                height="0"
                loading="lazy"
                src="/images/icon-access-anywhere.svg"
                style="color: transparent;"
                width="0"
              />
            </div>
            <h3
              class="text-xl font-bold"
            >
              Access your file from anywhere
            </h3>
            <p
              class="max-w-md"
            >
              The ability to use a smartphone, tablet, or computer to access your account means your files follow you everywhere.
            </p>
          </div>
          <div
            class="flex flex-col items-center space-y-2"
          >
            <div
              class="flex items-center justify-center h-24 mb-6"
            >
              <img
                alt="Security you can trust"
                class="w-auto"
                data-nimg="1"
                decoding="async"
                height="0"
                loading="lazy"
                src="/images/icon-security.svg"
                style="color: transparent;"
                width="0"
              />
            </div>
            <h3
              class="text-xl font-bold"
            >
              Security you can trust
            </h3>
            <p
              class="max-w-md"
            >
               2-factor authentication and user-controlled encryption are just a couple of the security features we allow to help secure your files.
            </p>
          </div>
          <div
            class="flex flex-col items-center space-y-2"
          >
            <div
              class="flex items-center justify-center h-24 mb-6"
            >
              <img
                alt="Access your file from anywhere"
                class="w-auto"
                data-nimg="1"
                decoding="async"
                height="0"
                loading="lazy"
                src="/images/icon-access-anywhere.svg"
                style="color: transparent;"
                width="0"
              />
            </div>
            <h3
              class="text-xl font-bold"
            >
              Access your file from anywhere
            </h3>
            <p
              class="max-w-md"
            >
              The ability to use a smartphone, tablet, or computer to access your account means your files follow you everywhere.
            </p>
          </div>
          <div
            class="flex flex-col items-center space-y-2"
          >
            <div
              class="flex items-center justify-center h-24 mb-6"
            >
              <img
                alt="Security you can trust"
                class="w-auto"
                data-nimg="1"
                decoding="async"
                height="0"
                loading="lazy"
                src="/images/icon-security.svg"
                style="color: transparent;"
                width="0"
              />
            </div>
            <h3
              class="text-xl font-bold"
            >
              Security you can trust
            </h3>
            <p
              class="max-w-md"
            >
               2-factor authentication and user-controlled encryption are just a couple of the security features we allow to help secure your files.
            </p>
          </div>
        </div>
      </div>
    </section>
    <section
      class="bg-white dark:bg-darkBlue"
      id="productive"
    >
      <div
        class="container flex flex-col items-center px-6 pt-24 pb-32 mx-auto md:flex-row md:space-x-16"
      >
        <div
          class="md:w-1/2"
        >
          <img
            alt=""
            class="w-auto mb-10"
            data-nimg="1"
            decoding="async"
            height="0"
            loading="lazy"
            sizes="100vh"
            src="/_next/image?url=%2Fimages%2Fillustration-stay-productive.png&w=3840&q=75"
            srcset="/_next/image?url=%2Fimages%2Fillustration-stay-productive.png&w=16&q=75 16w, /_next/image?url=%2Fimages%2Fillustration-stay-productive.png&w=32&q=75 32w, /_next/image?url=%2Fimages%2Fillustration-stay-productive.png&w=48&q=75 48w, /_next/image?url=%2Fimages%2Fillustration-stay-productive.png&w=64&q=75 64w, /_next/image?url=%2Fimages%2Fillustration-stay-productive.png&w=96&q=75 96w, /_next/image?url=%2Fimages%2Fillustration-stay-productive.png&w=128&q=75 128w, /_next/image?url=%2Fimages%2Fillustration-stay-productive.png&w=256&q=75 256w, /_next/image?url=%2Fimages%2Fillustration-stay-productive.png&w=384&q=75 384w, /_next/image?url=%2Fimages%2Fillustration-stay-productive.png&w=640&q=75 640w, /_next/image?url=%2Fimages%2Fillustration-stay-productive.png&w=750&q=75 750w, /_next/image?url=%2Fimages%2Fillustration-stay-productive.png&w=828&q=75 828w, /_next/image?url=%2Fimages%2Fillustration-stay-productive.png&w=1080&q=75 1080w, /_next/image?url=%2Fimages%2Fillustration-stay-productive.png&w=1200&q=75 1200w, /_next/image?url=%2Fimages%2Fillustration-stay-productive.png&w=1920&q=75 1920w, /_next/image?url=%2Fimages%2Fillustration-stay-productive.png&w=2048&q=75 2048w, /_next/image?url=%2Fimages%2Fillustration-stay-productive.png&w=3840&q=75 3840w"
            style="color: transparent;"
            width="0"
          />
        </div>
        <div
          class="flex flex-col items-start md:w-1/2"
        >
          <div
            class="flex flex-col space-y-5"
          >
            <h4
              class="max-w-md text-xl font-bold md:text-4xl"
            >
              Stay productive, wherever you are
            </h4>
            <p
              class="text-md md:text-lg"
            >
              Never let location be an issue when accessing your files. Fylo has you covered for all of your file storage needs.
            </p>
            <p
              class="text-md md:text-lg"
            >
              Securely share files and folders with friends, family and colleagues for live collaboration. No email attachments required.
            </p>
          </div>
          <div
            class="block mt-4"
          >
            <a
              class="border-b border-accentCyan text-accentCyan"
              href="#"
            >
              See how Flyo works
              <img
                alt=""
                class="inline w-4 pb-2"
                data-nimg="1"
                decoding="async"
                height="0"
                loading="lazy"
                src="/images/icon-arrow.svg"
                style="color: transparent;"
                width="0"
              />
            </a>
          </div>
        </div>
      </div>
    </section>
    <section
      class="bg-gray-50 dark:bg-darkBlue"
      id="testimonials"
    >
      <div
        class="container px-6 pt-12 mx-auto pb-80 md:pb-96"
      >
        <div
          class="relative flex flex-col w-full space-y-6 md:flex-row md:space-y-0 md:space-x-12"
        >
          <img
            alt=""
            class="absolute w-10 left-1 -top-2 md:-top-16 md:w-20"
            data-nimg="1"
            decoding="async"
            height="0"
            loading="lazy"
            sizes="100vh"
            src="/_next/image?url=%2Fimages%2Fbg-quotes.png&w=3840&q=75"
            srcset="/_next/image?url=%2Fimages%2Fbg-quotes.png&w=16&q=75 16w, /_next/image?url=%2Fimages%2Fbg-quotes.png&w=32&q=75 32w, /_next/image?url=%2Fimages%2Fbg-quotes.png&w=48&q=75 48w, /_next/image?url=%2Fimages%2Fbg-quotes.png&w=64&q=75 64w, /_next/image?url=%2Fimages%2Fbg-quotes.png&w=96&q=75 96w, /_next/image?url=%2Fimages%2Fbg-quotes.png&w=128&q=75 128w, /_next/image?url=%2Fimages%2Fbg-quotes.png&w=256&q=75 256w, /_next/image?url=%2Fimages%2Fbg-quotes.png&w=384&q=75 384w, /_next/image?url=%2Fimages%2Fbg-quotes.png&w=640&q=75 640w, /_next/image?url=%2Fimages%2Fbg-quotes.png&w=750&q=75 750w, /_next/image?url=%2Fimages%2Fbg-quotes.png&w=828&q=75 828w, /_next/image?url=%2Fimages%2Fbg-quotes.png&w=1080&q=75 1080w, /_next/image?url=%2Fimages%2Fbg-quotes.png&w=1200&q=75 1200w, /_next/image?url=%2Fimages%2Fbg-quotes.png&w=1920&q=75 1920w, /_next/image?url=%2Fimages%2Fbg-quotes.png&w=2048&q=75 2048w, /_next/image?url=%2Fimages%2Fbg-quotes.png&w=3840&q=75 3840w"
            style="color: transparent;"
            width="0"
          />
          <div
            class="flex flex-col p-10 space-y-6 bg-gray-100 rounded-lg dark:bg-darkBlue3 md:w-1/3"
          >
            <p
              class="text-sm leading-5 md:text-lg"
            >
              Fylo has improved our team productivity by an order of magnitude. Since making the switch our team has become a well-oiled collaboration machine.
            </p>
            <div
              class="flex space-x-4"
            >
              <img
                alt=""
                class="w-10 h-10 rounded-full"
                data-nimg="1"
                decoding="async"
                height="0"
                loading="lazy"
                sizes="100vh"
                src="/_next/image?url=%2Fimages%2Fprofile-1.jpg&w=3840&q=75"
                srcset="/_next/image?url=%2Fimages%2Fprofile-1.jpg&w=16&q=75 16w, /_next/image?url=%2Fimages%2Fprofile-1.jpg&w=32&q=75 32w, /_next/image?url=%2Fimages%2Fprofile-1.jpg&w=48&q=75 48w, /_next/image?url=%2Fimages%2Fprofile-1.jpg&w=64&q=75 64w, /_next/image?url=%2Fimages%2Fprofile-1.jpg&w=96&q=75 96w, /_next/image?url=%2Fimages%2Fprofile-1.jpg&w=128&q=75 128w, /_next/image?url=%2Fimages%2Fprofile-1.jpg&w=256&q=75 256w, /_next/image?url=%2Fimages%2Fprofile-1.jpg&w=384&q=75 384w, /_next/image?url=%2Fimages%2Fprofile-1.jpg&w=640&q=75 640w, /_next/image?url=%2Fimages%2Fprofile-1.jpg&w=750&q=75 750w, /_next/image?url=%2Fimages%2Fprofile-1.jpg&w=828&q=75 828w, /_next/image?url=%2Fimages%2Fprofile-1.jpg&w=1080&q=75 1080w, /_next/image?url=%2Fimages%2Fprofile-1.jpg&w=1200&q=75 1200w, /_next/image?url=%2Fimages%2Fprofile-1.jpg&w=1920&q=75 1920w, /_next/image?url=%2Fimages%2Fprofile-1.jpg&w=2048&q=75 2048w, /_next/image?url=%2Fimages%2Fprofile-1.jpg&w=3840&q=75 3840w"
                style="color: transparent;"
                width="0"
              />
              <div>
                <h5
                  class="text-sm font-semibold"
                >
                  Satish Patel
                </h5>
                <p
                  class="text-xs font-extralight"
                >
                  Founder & CEO. Huddle
                </p>
              </div>
            </div>
          </div>
          <div
            class="flex flex-col p-10 space-y-6 bg-gray-100 rounded-lg dark:bg-darkBlue3 md:w-1/3"
          >
            <p
              class="text-sm leading-5 md:text-lg"
            >
              Fylo has improved our team productivity by an order of magnitude. Since making the switch our team has become a well-oiled collaboration machine.
            </p>
            <div
              class="flex space-x-4"
            >
              <img
                alt=""
                class="w-10 h-10 rounded-full"
                data-nimg="1"
                decoding="async"
                height="0"
                loading="lazy"
                sizes="100vh"
                src="/_next/image?url=%2Fimages%2Fprofile-2.jpg&w=3840&q=75"
                srcset="/_next/image?url=%2Fimages%2Fprofile-2.jpg&w=16&q=75 16w, /_next/image?url=%2Fimages%2Fprofile-2.jpg&w=32&q=75 32w, /_next/image?url=%2Fimages%2Fprofile-2.jpg&w=48&q=75 48w, /_next/image?url=%2Fimages%2Fprofile-2.jpg&w=64&q=75 64w, /_next/image?url=%2Fimages%2Fprofile-2.jpg&w=96&q=75 96w, /_next/image?url=%2Fimages%2Fprofile-2.jpg&w=128&q=75 128w, /_next/image?url=%2Fimages%2Fprofile-2.jpg&w=256&q=75 256w, /_next/image?url=%2Fimages%2Fprofile-2.jpg&w=384&q=75 384w, /_next/image?url=%2Fimages%2Fprofile-2.jpg&w=640&q=75 640w, /_next/image?url=%2Fimages%2Fprofile-2.jpg&w=750&q=75 750w, /_next/image?url=%2Fimages%2Fprofile-2.jpg&w=828&q=75 828w, /_next/image?url=%2Fimages%2Fprofile-2.jpg&w=1080&q=75 1080w, /_next/image?url=%2Fimages%2Fprofile-2.jpg&w=1200&q=75 1200w, /_next/image?url=%2Fimages%2Fprofile-2.jpg&w=1920&q=75 1920w, /_next/image?url=%2Fimages%2Fprofile-2.jpg&w=2048&q=75 2048w, /_next/image?url=%2Fimages%2Fprofile-2.jpg&w=3840&q=75 3840w"
                style="color: transparent;"
                width="0"
              />
              <div>
                <h5
                  class="text-sm font-semibold"
                >
                  Bruce McKenzie
                </h5>
                <p
                  class="text-xs font-extralight"
                >
                  Founder & CEO. Huddle 2
                </p>
              </div>
            </div>
          </div>
          <div
            class="flex flex-col p-10 space-y-6 bg-gray-100 rounded-lg dark:bg-darkBlue3 md:w-1/3"
          >
            <p
              class="text-sm leading-5 md:text-lg"
            >
              Fylo has improved our team productivity by an order of magnitude. Since making the switch our team has become a well-oiled collaboration machine.
            </p>
            <div
              class="flex space-x-4"
            >
              <img
                alt=""
                class="w-10 h-10 rounded-full"
                data-nimg="1"
                decoding="async"
                height="0"
                loading="lazy"
                sizes="100vh"
                src="/_next/image?url=%2Fimages%2Fprofile-3.jpg&w=3840&q=75"
                srcset="/_next/image?url=%2Fimages%2Fprofile-3.jpg&w=16&q=75 16w, /_next/image?url=%2Fimages%2Fprofile-3.jpg&w=32&q=75 32w, /_next/image?url=%2Fimages%2Fprofile-3.jpg&w=48&q=75 48w, /_next/image?url=%2Fimages%2Fprofile-3.jpg&w=64&q=75 64w, /_next/image?url=%2Fimages%2Fprofile-3.jpg&w=96&q=75 96w, /_next/image?url=%2Fimages%2Fprofile-3.jpg&w=128&q=75 128w, /_next/image?url=%2Fimages%2Fprofile-3.jpg&w=256&q=75 256w, /_next/image?url=%2Fimages%2Fprofile-3.jpg&w=384&q=75 384w, /_next/image?url=%2Fimages%2Fprofile-3.jpg&w=640&q=75 640w, /_next/image?url=%2Fimages%2Fprofile-3.jpg&w=750&q=75 750w, /_next/image?url=%2Fimages%2Fprofile-3.jpg&w=828&q=75 828w, /_next/image?url=%2Fimages%2Fprofile-3.jpg&w=1080&q=75 1080w, /_next/image?url=%2Fimages%2Fprofile-3.jpg&w=1200&q=75 1200w, /_next/image?url=%2Fimages%2Fprofile-3.jpg&w=1920&q=75 1920w, /_next/image?url=%2Fimages%2Fprofile-3.jpg&w=2048&q=75 2048w, /_next/image?url=%2Fimages%2Fprofile-3.jpg&w=3840&q=75 3840w"
                style="color: transparent;"
                width="0"
              />
              <div>
                <h5
                  class="text-sm font-semibold"
                >
                  Eva Boyd
                </h5>
                <p
                  class="text-xs font-extralight"
                >
                  Founder & CEO. Huddle 3
                </p>
              </div>
            </div>
          </div>
        </div>
      </div>
    </section>
    <section
      class="relative px-6 dark:bg-darkBlue2 md:px-0"
      id="early-access"
    >
      <div
        class="relative max-w-4xl p-10 px-6 mx-auto space-y-6 text-center bg-gray-200 rounded-lg -top-40 dark:bg-darkBlue1 md:px-16"
      >
        <h5
          class="text-2xl font-bold"
        >
          Get early access today
        </h5>
        <p
          class="text-sm"
        >
          It only takes a minute to sign up and our free starter tier is extremely generous. If you have any questions, our support team would be happy to help you.
        </p>
        <div
          class="flex flex-col items-start space-y-6 md:flex-row md:space-y-0 md:space-x-6"
        >
          <div
            class="w-full md:flex-1"
          >
            <input
              class="w-full px-10 py-3 rounded-full focus:outline-none"
              placeholder="email@example.com"
              type="text"
            />
          </div>
          <button
            class="w-full p-3 px-6 rounded-full bg-accentCyan hover:scale-95 md:w-56"
          >
            Get Started For Free
          </button>
        </div>
      </div>
    </section>
    <footer
      class="text-white bg-darkBlue2"
    >
      <div
        class="container px-5 pt-12 pb-10 mx-auto"
      >
        <div
          class="flex flex-col justify-between space-y-24 md:flex-row md:space-y-0"
        >
          <div
            class="mt-10 space-y-6"
          >
            <div
              class="flex items-center space-x-3 md:-mt-10"
            >
              <div
                class="w-6"
              >
                <img
                  alt=""
                  class="scale-10"
                  data-nimg="1"
                  decoding="async"
                  height="0"
                  loading="lazy"
                  src="images/icon-phone.svg"
                  style="color: transparent;"
                  width="0"
                />
              </div>
              <div>
                +1-543-123-4567
              </div>
            </div>
            <div
              class="flex items-center space-x-3"
            >
              <div
                class="w-6"
              >
                <img
                  alt=""
                  class="scale-10"
                  data-nimg="1"
                  decoding="async"
                  height="0"
                  loading="lazy"
                  src="images/icon-email.svg"
                  style="color: transparent;"
                  width="0"
                />
              </div>
              <div>
                example@fylo.com
              </div>
            </div>
          </div>
          <div
            class="flex flex-col space-y-10 text-xl md:flex-row md:space-x-20 md:space-y-0 md:text-base"
          >
            <div
              class="grid grid-cols-1 gap-4 md:grid-row-4 md:grid-cols-2"
            >
              <a
                class="w-32 capitalize"
                href="#about"
              >
                about
              </a>
              <a
                class="w-32 capitalize"
                href="#contact-us"
              >
                contact us
              </a>
              <a
                class="w-32 capitalize"
                href="#jobs"
              >
                jobs
              </a>
              <a
                class="w-32 capitalize"
                href="#terms"
              >
                terms
              </a>
              <a
                class="w-32 capitalize"
                href="#press"
              >
                press
              </a>
              <a
                class="w-32 capitalize"
                href="#privacy"
              >
                privacy
              </a>
              <a
                class="w-32 capitalize"
                href="#blog"
              >
                blog
              </a>
            </div>
          </div>
          <div
            class="flex justify-center pb-10 space-x-3"
          >
            <div>
              <a
                href=""
              >
                <img
                  alt="facebook"
                  class="w-auto p-2 rounded-full ficon bg-darkBlue"
                  data-nimg="1"
                  decoding="async"
                  height="0"
                  loading="lazy"
                  src="/images/facebook.svg"
                  style="color: transparent;"
                  width="0"
                />
              </a>
            </div>
            <div>
              <a
                href=""
              >
                <img
                  alt="twitter"
                  class="w-auto p-2 rounded-full ficon bg-darkBlue"
                  data-nimg="1"
                  decoding="async"
                  height="0"
                  loading="lazy"
                  src="/images/twitter.svg"
                  style="color: transparent;"
                  width="0"
                />
              </a>
            </div>
            <div>
              <a
                href=""
              >
                <img
                  alt="instagram"
                  class="w-auto p-2 rounded-full ficon bg-darkBlue"
                  data-nimg="1"
                  decoding="async"
                  height="0"
                  loading="lazy"
                  src="/images/instagram.svg"
                  style="color: transparent;"
                  width="0"
                />
              </a>
            </div>
          </div>
        </div>
      </div>
    </footer>
  </div>
</DocumentFragment>
`;
